Archive member included to satisfy reference by file (symbol)

/opt/st/stm32cubeide_1.12.1/plugins/com.st.stm32cube.ide.mcu.externaltools.gnu-tools-for-stm32.10.3-2021.10.linux64_1.0.200.202301161003/tools/bin/../lib/gcc/arm-none-eabi/10.3.1/../../../../arm-none-eabi/lib/thumb/v7e-m+fp/hard/libc_nano.a(lib_a-errno.o)
                              ./Core/Src/syscalls.o (__errno)
/opt/st/stm32cubeide_1.12.1/plugins/com.st.stm32cube.ide.mcu.externaltools.gnu-tools-for-stm32.10.3-2021.10.linux64_1.0.200.202301161003/tools/bin/../lib/gcc/arm-none-eabi/10.3.1/../../../../arm-none-eabi/lib/thumb/v7e-m+fp/hard/libc_nano.a(lib_a-exit.o)
                              /opt/st/stm32cubeide_1.12.1/plugins/com.st.stm32cube.ide.mcu.externaltools.gnu-tools-for-stm32.10.3-2021.10.linux64_1.0.200.202301161003/tools/bin/../lib/gcc/arm-none-eabi/10.3.1/../../../../arm-none-eabi/lib/thumb/v7e-m+fp/hard/crt0.o (exit)
/opt/st/stm32cubeide_1.12.1/plugins/com.st.stm32cube.ide.mcu.externaltools.gnu-tools-for-stm32.10.3-2021.10.linux64_1.0.200.202301161003/tools/bin/../lib/gcc/arm-none-eabi/10.3.1/../../../../arm-none-eabi/lib/thumb/v7e-m+fp/hard/libc_nano.a(lib_a-impure.o)
                              /opt/st/stm32cubeide_1.12.1/plugins/com.st.stm32cube.ide.mcu.externaltools.gnu-tools-for-stm32.10.3-2021.10.linux64_1.0.200.202301161003/tools/bin/../lib/gcc/arm-none-eabi/10.3.1/../../../../arm-none-eabi/lib/thumb/v7e-m+fp/hard/libc_nano.a(lib_a-exit.o) (_global_impure_ptr)
/opt/st/stm32cubeide_1.12.1/plugins/com.st.stm32cube.ide.mcu.externaltools.gnu-tools-for-stm32.10.3-2021.10.linux64_1.0.200.202301161003/tools/bin/../lib/gcc/arm-none-eabi/10.3.1/../../../../arm-none-eabi/lib/thumb/v7e-m+fp/hard/libc_nano.a(lib_a-init.o)
                              /opt/st/stm32cubeide_1.12.1/plugins/com.st.stm32cube.ide.mcu.externaltools.gnu-tools-for-stm32.10.3-2021.10.linux64_1.0.200.202301161003/tools/bin/../lib/gcc/arm-none-eabi/10.3.1/../../../../arm-none-eabi/lib/thumb/v7e-m+fp/hard/crt0.o (__libc_init_array)
/opt/st/stm32cubeide_1.12.1/plugins/com.st.stm32cube.ide.mcu.externaltools.gnu-tools-for-stm32.10.3-2021.10.linux64_1.0.200.202301161003/tools/bin/../lib/gcc/arm-none-eabi/10.3.1/../../../../arm-none-eabi/lib/thumb/v7e-m+fp/hard/libc_nano.a(lib_a-memset.o)
                              /opt/st/stm32cubeide_1.12.1/plugins/com.st.stm32cube.ide.mcu.externaltools.gnu-tools-for-stm32.10.3-2021.10.linux64_1.0.200.202301161003/tools/bin/../lib/gcc/arm-none-eabi/10.3.1/../../../../arm-none-eabi/lib/thumb/v7e-m+fp/hard/crt0.o (memset)
/opt/st/stm32cubeide_1.12.1/plugins/com.st.stm32cube.ide.mcu.externaltools.gnu-tools-for-stm32.10.3-2021.10.linux64_1.0.200.202301161003/tools/bin/../lib/gcc/arm-none-eabi/10.3.1/thumb/v7e-m+fp/hard/libgcc.a(_arm_muldf3.o)
                              ./Core/Src/main.o (__aeabi_dmul)
/opt/st/stm32cubeide_1.12.1/plugins/com.st.stm32cube.ide.mcu.externaltools.gnu-tools-for-stm32.10.3-2021.10.linux64_1.0.200.202301161003/tools/bin/../lib/gcc/arm-none-eabi/10.3.1/thumb/v7e-m+fp/hard/libgcc.a(_arm_addsubdf3.o)
                              ./Core/Src/main.o (__aeabi_dadd)
/opt/st/stm32cubeide_1.12.1/plugins/com.st.stm32cube.ide.mcu.externaltools.gnu-tools-for-stm32.10.3-2021.10.linux64_1.0.200.202301161003/tools/bin/../lib/gcc/arm-none-eabi/10.3.1/thumb/v7e-m+fp/hard/libgcc.a(_arm_muldivdf3.o)
                              ./Core/Src/main.o (__aeabi_ddiv)
/opt/st/stm32cubeide_1.12.1/plugins/com.st.stm32cube.ide.mcu.externaltools.gnu-tools-for-stm32.10.3-2021.10.linux64_1.0.200.202301161003/tools/bin/../lib/gcc/arm-none-eabi/10.3.1/thumb/v7e-m+fp/hard/libgcc.a(_arm_cmpdf2.o)
                              ./Core/Src/main.o (__aeabi_dcmpge)
/opt/st/stm32cubeide_1.12.1/plugins/com.st.stm32cube.ide.mcu.externaltools.gnu-tools-for-stm32.10.3-2021.10.linux64_1.0.200.202301161003/tools/bin/../lib/gcc/arm-none-eabi/10.3.1/thumb/v7e-m+fp/hard/libgcc.a(_arm_fixunsdfsi.o)
                              ./Core/Src/main.o (__aeabi_d2uiz)
/opt/st/stm32cubeide_1.12.1/plugins/com.st.stm32cube.ide.mcu.externaltools.gnu-tools-for-stm32.10.3-2021.10.linux64_1.0.200.202301161003/tools/bin/../lib/gcc/arm-none-eabi/10.3.1/thumb/v7e-m+fp/hard/libgcc.a(_aeabi_uldivmod.o)
                              ./Drivers/STM32F4xx_HAL_Driver/Src/stm32f4xx_hal_rcc.o (__aeabi_uldivmod)
/opt/st/stm32cubeide_1.12.1/plugins/com.st.stm32cube.ide.mcu.externaltools.gnu-tools-for-stm32.10.3-2021.10.linux64_1.0.200.202301161003/tools/bin/../lib/gcc/arm-none-eabi/10.3.1/thumb/v7e-m+fp/hard/libgcc.a(_udivmoddi4.o)
                              /opt/st/stm32cubeide_1.12.1/plugins/com.st.stm32cube.ide.mcu.externaltools.gnu-tools-for-stm32.10.3-2021.10.linux64_1.0.200.202301161003/tools/bin/../lib/gcc/arm-none-eabi/10.3.1/thumb/v7e-m+fp/hard/libgcc.a(_aeabi_uldivmod.o) (__udivmoddi4)
[...]
Memory Configuration

Name             Origin             Length             Attributes
CCMRAM           0x0000000010000000 0x0000000000010000 xrw
RAM              0x0000000020000000 0x0000000000020000 xrw
FLASH            0x0000000008000000 0x0000000000100000 xr
*default*        0x0000000000000000 0xffffffffffffffff

Linker script and memory map

LOAD /opt/st/stm32cubeide_1.12.1/plugins/com.st.stm32cube.ide.mcu.externaltools.gnu-tools-for-stm32.10.3-2021.10.linux64_1.0.200.202301161003/tools/bin/../lib/gcc/arm-none-eabi/10.3.1/thumb/v7e-m+fp/hard/crti.o
LOAD /opt/st/stm32cubeide_1.12.1/plugins/com.st.stm32cube.ide.mcu.externaltools.gnu-tools-for-stm32.10.3-2021.10.linux64_1.0.200.202301161003/tools/bin/../lib/gcc/arm-none-eabi/10.3.1/thumb/v7e-m+fp/hard/crtbegin.o
LOAD /opt/st/stm32cubeide_1.12.1/plugins/com.st.stm32cube.ide.mcu.externaltools.gnu-tools-for-stm32.10.3-2021.10.linux64_1.0.200.202301161003/tools/bin/../lib/gcc/arm-none-eabi/10.3.1/../../../../arm-none-eabi/lib/thumb/v7e-m+fp/hard/crt0.o
LOAD ./Core/Src/main.o
LOAD ./Core/Src/stm32f4xx_hal_msp.o
LOAD ./Core/Src/stm32f4xx_it.o
LOAD ./Core/Src/syscalls.o
LOAD ./Core/Src/sysmem.o
LOAD ./Core/Src/system_stm32f4xx.o
LOAD ./Core/Startup/startup_stm32f407vgtx.o
LOAD ./Drivers/STM32F4xx_HAL_Driver/Src/stm32f4xx_hal.o
LOAD ./Drivers/STM32F4xx_HAL_Driver/Src/stm32f4xx_hal_adc.o
LOAD ./Drivers/STM32F4xx_HAL_Driver/Src/stm32f4xx_hal_adc_ex.o
LOAD ./Drivers/STM32F4xx_HAL_Driver/Src/stm32f4xx_hal_cortex.o
LOAD ./Drivers/STM32F4xx_HAL_Driver/Src/stm32f4xx_hal_dma.o
LOAD ./Drivers/STM32F4xx_HAL_Driver/Src/stm32f4xx_hal_dma_ex.o
LOAD ./Drivers/STM32F4xx_HAL_Driver/Src/stm32f4xx_hal_exti.o
LOAD ./Drivers/STM32F4xx_HAL_Driver/Src/stm32f4xx_hal_flash.o
LOAD ./Drivers/STM32F4xx_HAL_Driver/Src/stm32f4xx_hal_flash_ex.o
LOAD ./Drivers/STM32F4xx_HAL_Driver/Src/stm32f4xx_hal_flash_ramfunc.o
LOAD ./Drivers/STM32F4xx_HAL_Driver/Src/stm32f4xx_hal_gpio.o
LOAD ./Drivers/STM32F4xx_HAL_Driver/Src/stm32f4xx_hal_pwr.o
LOAD ./Drivers/STM32F4xx_HAL_Driver/Src/stm32f4xx_hal_pwr_ex.o
LOAD ./Drivers/STM32F4xx_HAL_Driver/Src/stm32f4xx_hal_rcc.o
LOAD ./Drivers/STM32F4xx_HAL_Driver/Src/stm32f4xx_hal_rcc_ex.o
LOAD ./Drivers/STM32F4xx_HAL_Driver/Src/stm32f4xx_hal_tim.o
LOAD ./Drivers/STM32F4xx_HAL_Driver/Src/stm32f4xx_hal_tim_ex.o
LOAD ./Drivers/STM32F4xx_HAL_Driver/Src/stm32f4xx_ll_adc.o
START GROUP
LOAD /opt/st/stm32cubeide_1.12.1/plugins/com.st.stm32cube.ide.mcu.externaltools.gnu-tools-for-stm32.10.3-2021.10.linux64_1.0.200.202301161003/tools/bin/../lib/gcc/arm-none-eabi/10.3.1/../../../../arm-none-eabi/lib/thumb/v7e-m+fp/hard/libc_nano.a
LOAD /opt/st/stm32cubeide_1.12.1/plugins/com.st.stm32cube.ide.mcu.externaltools.gnu-tools-for-stm32.10.3-2021.10.linux64_1.0.200.202301161003/tools/bin/../lib/gcc/arm-none-eabi/10.3.1/../../../../arm-none-eabi/lib/thumb/v7e-m+fp/hard/libm.a
END GROUP
START GROUP
LOAD /opt/st/stm32cubeide_1.12.1/plugins/com.st.stm32cube.ide.mcu.externaltools.gnu-tools-for-stm32.10.3-2021.10.linux64_1.0.200.202301161003/tools/bin/../lib/gcc/arm-none-eabi/10.3.1/thumb/v7e-m+fp/hard/libgcc.a
LOAD /opt/st/stm32cubeide_1.12.1/plugins/com.st.stm32cube.ide.mcu.externaltools.gnu-tools-for-stm32.10.3-2021.10.linux64_1.0.200.202301161003/tools/bin/../lib/gcc/arm-none-eabi/10.3.1/../../../../arm-none-eabi/lib/thumb/v7e-m+fp/hard/libc_nano.a
END GROUP
START GROUP
LOAD /opt/st/stm32cubeide_1.12.1/plugins/com.st.stm32cube.ide.mcu.externaltools.gnu-tools-for-stm32.10.3-2021.10.linux64_1.0.200.202301161003/tools/bin/../lib/gcc/arm-none-eabi/10.3.1/thumb/v7e-m+fp/hard/libgcc.a
LOAD /opt/st/stm32cubeide_1.12.1/plugins/com.st.stm32cube.ide.mcu.externaltools.gnu-tools-for-stm32.10.3-2021.10.linux64_1.0.200.202301161003/tools/bin/../lib/gcc/arm-none-eabi/10.3.1/../../../../arm-none-eabi/lib/thumb/v7e-m+fp/hard/libc_nano.a
LOAD /opt/st/stm32cubeide_1.12.1/plugins/com.st.stm32cube.ide.mcu.externaltools.gnu-tools-for-stm32.10.3-2021.10.linux64_1.0.200.202301161003/tools/bin/../lib/gcc/arm-none-eabi/10.3.1/../../../../arm-none-eabi/lib/thumb/v7e-m+fp/hard/libnosys.a
END GROUP
START GROUP
LOAD /opt/st/stm32cubeide_1.12.1/plugins/com.st.stm32cube.ide.mcu.externaltools.gnu-tools-for-stm32.10.3-2021.10.linux64_1.0.200.202301161003/tools/bin/../lib/gcc/arm-none-eabi/10.3.1/thumb/v7e-m+fp/hard/libgcc.a
LOAD /opt/st/stm32cubeide_1.12.1/plugins/com.st.stm32cube.ide.mcu.externaltools.gnu-tools-for-stm32.10.3-2021.10.linux64_1.0.200.202301161003/tools/bin/../lib/gcc/arm-none-eabi/10.3.1/../../../../arm-none-eabi/lib/thumb/v7e-m+fp/hard/libc_nano.a
LOAD /opt/st/stm32cubeide_1.12.1/plugins/com.st.stm32cube.ide.mcu.externaltools.gnu-tools-for-stm32.10.3-2021.10.linux64_1.0.200.202301161003/tools/bin/../lib/gcc/arm-none-eabi/10.3.1/../../../../arm-none-eabi/lib/thumb/v7e-m+fp/hard/libnosys.a
END GROUP
LOAD /opt/st/stm32cubeide_1.12.1/plugins/com.st.stm32cube.ide.mcu.externaltools.gnu-tools-for-stm32.10.3-2021.10.linux64_1.0.200.202301161003/tools/bin/../lib/gcc/arm-none-eabi/10.3.1/thumb/v7e-m+fp/hard/crtend.o
LOAD /opt/st/stm32cubeide_1.12.1/plugins/com.st.stm32cube.ide.mcu.externaltools.gnu-tools-for-stm32.10.3-2021.10.linux64_1.0.200.202301161003/tools/bin/../lib/gcc/arm-none-eabi/10.3.1/thumb/v7e-m+fp/hard/crtn.o
                0x0000000020020000                _estack = (ORIGIN (RAM) + LENGTH (RAM))
                0x0000000000000200                _Min_Heap_Size = 0x200
                0x0000000000000400                _Min_Stack_Size = 0x400

.isr_vector     0x0000000008000000      0x188
                0x0000000008000000                . = ALIGN (0x4)
 *(.isr_vector)
 .isr_vector    0x0000000008000000      0x188 ./Core/Startup/startup_stm32f407vgtx.o
                0x0000000008000000                g_pfnVectors
                0x0000000008000188                . = ALIGN (0x4)

.text           0x0000000008000188     0x3adc
                0x0000000008000188                . = ALIGN (0x4)
 *(.text)
 .text          0x0000000008000188       0x40 /opt/st/stm32cubeide_1.12.1/plugins/com.st.stm32cube.ide.mcu.externaltools.gnu-tools-for-stm32.10.3-2021.10.linux64_1.0.200.202301161003/tools/bin/../lib/gcc/arm-none-eabi/10.3.1/thumb/v7e-m+fp/hard/crtbegin.o
 .text          0x00000000080001c8      0x378 /opt/st/stm32cubeide_1.12.1/plugins/com.st.stm32cube.ide.mcu.externaltools.gnu-tools-for-stm32.10.3-2021.10.linux64_1.0.200.202301161003/tools/bin/../lib/gcc/arm-none-eabi/10.3.1/thumb/v7e-m+fp/hard/libgcc.a(_arm_addsubdf3.o)
                0x00000000080001c8                __aeabi_drsub
                0x00000000080001d0                __aeabi_dsub
                0x00000000080001d0                __subdf3
                0x00000000080001d4                __adddf3
                0x00000000080001d4                __aeabi_dadd
                0x000000000800044c                __aeabi_ui2d
                0x000000000800044c                __floatunsidf
                0x000000000800046c                __floatsidf
                0x000000000800046c                __aeabi_i2d
                0x0000000008000490                __extendsfdf2
                0x0000000008000490                __aeabi_f2d
                0x00000000080004d4                __aeabi_ul2d
                0x00000000080004d4                __floatundidf
                0x00000000080004e4                __floatdidf
                0x00000000080004e4                __aeabi_l2d
 .text          0x0000000008000540      0x424 /opt/st/stm32cubeide_1.12.1/plugins/com.st.stm32cube.ide.mcu.externaltools.gnu-tools-for-stm32.10.3-2021.10.linux64_1.0.200.202301161003/tools/bin/../lib/gcc/arm-none-eabi/10.3.1/thumb/v7e-m+fp/hard/libgcc.a(_arm_muldivdf3.o)
                0x0000000008000540                __aeabi_dmul
                0x0000000008000540                __muldf3
                0x0000000008000794                __aeabi_ddiv
                0x0000000008000794                __divdf3
 .text          0x0000000008000964      0x110 /opt/st/stm32cubeide_1.12.1/plugins/com.st.stm32cube.ide.mcu.externaltools.gnu-tools-for-stm32.10.3-2021.10.linux64_1.0.200.202301161003/tools/bin/../lib/gcc/arm-none-eabi/10.3.1/thumb/v7e-m+fp/hard/libgcc.a(_arm_cmpdf2.o)
                0x0000000008000964                __gtdf2
                0x0000000008000964                __gedf2
                0x000000000800096c                __ltdf2
                0x000000000800096c                __ledf2
                0x0000000008000974                __cmpdf2
                0x0000000008000974                __eqdf2
                0x0000000008000974                __nedf2
                0x00000000080009f0                __aeabi_cdrcmple
                0x0000000008000a00                __aeabi_cdcmple
                0x0000000008000a00                __aeabi_cdcmpeq
                0x0000000008000a10                __aeabi_dcmpeq
                0x0000000008000a24                __aeabi_dcmplt
                0x0000000008000a38                __aeabi_dcmple
                0x0000000008000a4c                __aeabi_dcmpge
                0x0000000008000a60                __aeabi_dcmpgt
 .text          0x0000000008000a74       0x40 /opt/st/stm32cubeide_1.12.1/plugins/com.st.stm32cube.ide.mcu.externaltools.gnu-tools-for-stm32.10.3-2021.10.linux64_1.0.200.202301161003/tools/bin/../lib/gcc/arm-none-eabi/10.3.1/thumb/v7e-m+fp/hard/libgcc.a(_arm_fixunsdfsi.o)
                0x0000000008000a74                __fixunsdfsi
                0x0000000008000a74                __aeabi_d2uiz
 .text          0x0000000008000ab4       0x30 /opt/st/stm32cubeide_1.12.1/plugins/com.st.stm32cube.ide.mcu.externaltools.gnu-tools-for-stm32.10.3-2021.10.linux64_1.0.200.202301161003/tools/bin/../lib/gcc/arm-none-eabi/10.3.1/thumb/v7e-m+fp/hard/libgcc.a(_aeabi_uldivmod.o)
                0x0000000008000ab4                __aeabi_uldivmod
 .text          0x0000000008000ae4      0x2d0 /opt/st/stm32cubeide_1.12.1/plugins/com.st.stm32cube.ide.mcu.externaltools.gnu-tools-for-stm32.10.3-2021.10.linux64_1.0.200.202301161003/tools/bin/../lib/gcc/arm-none-eabi/10.3.1/thumb/v7e-m+fp/hard/libgcc.a(_udivmoddi4.o)
                0x0000000008000ae4                __udivmoddi4
 .text          0x0000000008000db4        0x4 /opt/st/stm32cubeide_1.12.1/plugins/com.st.stm32cube.ide.mcu.externaltools.gnu-tools-for-stm32.10.3-2021.10.linux64_1.0.200.202301161003/tools/bin/../lib/gcc/arm-none-eabi/10.3.1/thumb/v7e-m+fp/hard/libgcc.a(_dvmd_tls.o)
                0x0000000008000db4                __aeabi_ldiv0
                0x0000000008000db4                __aeabi_idiv0
 *(.text*)
 .text.ReadADCValue
                0x0000000008000db8      0x104 ./Core/Src/main.o
                0x0000000008000db8                ReadADCValue
 .text.UpdatePWMDutyCycle
                0x0000000008000ebc       0xc8 ./Core/Src/main.o
                0x0000000008000ebc                UpdatePWMDutyCycle
 .text.GetWeight
                0x0000000008000f84       0x4c ./Core/Src/main.o
                0x0000000008000f84                GetWeight
 .text.SetWeight
                0x0000000008000fd0       0x34 ./Core/Src/main.o
                0x0000000008000fd0                SetWeight
 .text.Decide   0x0000000008001004       0xa4 ./Core/Src/main.o
                0x0000000008001004                Decide
 .text.Train    0x00000000080010a8      0x16c ./Core/Src/main.o
                0x00000000080010a8                Train
 .text.UpdateLEDState
                0x0000000008001214       0x4c ./Core/Src/main.o
                0x0000000008001214                UpdateLEDState
 .text.main     0x0000000008001260      0x1f4 ./Core/Src/main.o
                0x0000000008001260                main
 .text.SystemClock_Config
                0x0000000008001454       0xd4 ./Core/Src/main.o
                0x0000000008001454                SystemClock_Config
 .text.MX_ADC1_Init
                0x0000000008001528       0xa4 ./Core/Src/main.o
 .text.MX_ADC2_Init
                0x00000000080015cc       0xa4 ./Core/Src/main.o
 .text.MX_TIM3_Init
                0x0000000008001670       0xb0 ./Core/Src/main.o
 .text.MX_TIM5_Init
                0x0000000008001720       0xb0 ./Core/Src/main.o
 .text.MX_GPIO_Init
                0x00000000080017d0       0x88 ./Core/Src/main.o
 .text.Error_Handler
                0x0000000008001858        0xa ./Core/Src/main.o
                0x0000000008001858                Error_Handler
 *fill*         0x0000000008001862        0x2 
 .text.HAL_MspInit
                0x0000000008001864       0x50 ./Core/Src/stm32f4xx_hal_msp.o
                0x0000000008001864                HAL_MspInit
 .text.HAL_ADC_MspInit
                0x00000000080018b4       0xe8 ./Core/Src/stm32f4xx_hal_msp.o
                0x00000000080018b4                HAL_ADC_MspInit
 .text.HAL_TIM_PWM_MspInit
                0x000000000800199c       0x70 ./Core/Src/stm32f4xx_hal_msp.o
                0x000000000800199c                HAL_TIM_PWM_MspInit
 .text.HAL_TIM_MspPostInit
                0x0000000008001a0c       0xc0 ./Core/Src/stm32f4xx_hal_msp.o
                0x0000000008001a0c                HAL_TIM_MspPostInit
 .text.NMI_Handler
                0x0000000008001acc        0x6 ./Core/Src/stm32f4xx_it.o
                0x0000000008001acc                NMI_Handler
 .text.HardFault_Handler
                0x0000000008001ad2        0x6 ./Core/Src/stm32f4xx_it.o
                0x0000000008001ad2                HardFault_Handler
 .text.MemManage_Handler
                0x0000000008001ad8        0x6 ./Core/Src/stm32f4xx_it.o
                0x0000000008001ad8                MemManage_Handler
 .text.BusFault_Handler
                0x0000000008001ade        0x6 ./Core/Src/stm32f4xx_it.o
                0x0000000008001ade                BusFault_Handler
 .text.UsageFault_Handler
                0x0000000008001ae4        0x6 ./Core/Src/stm32f4xx_it.o
                0x0000000008001ae4                UsageFault_Handler
 .text.SVC_Handler
                0x0000000008001aea        0xe ./Core/Src/stm32f4xx_it.o
                0x0000000008001aea                SVC_Handler
 .text.DebugMon_Handler
                0x0000000008001af8        0xe ./Core/Src/stm32f4xx_it.o
                0x0000000008001af8                DebugMon_Handler
 .text.PendSV_Handler
                0x0000000008001b06        0xe ./Core/Src/stm32f4xx_it.o
                0x0000000008001b06                PendSV_Handler
 .text.SysTick_Handler
                0x0000000008001b14        0xc ./Core/Src/stm32f4xx_it.o
                0x0000000008001b14                SysTick_Handler
 .text.SystemInit
                0x0000000008001b20       0x24 ./Core/Src/system_stm32f4xx.o
                0x0000000008001b20                SystemInit
 .text.Reset_Handler
                0x0000000008001b44       0x50 ./Core/Startup/startup_stm32f407vgtx.o
                0x0000000008001b44                Reset_Handler
 .text.Default_Handler
                0x0000000008001b94        0x2 ./Core/Startup/startup_stm32f407vgtx.o
                0x0000000008001b94                RTC_Alarm_IRQHandler
                0x0000000008001b94                HASH_RNG_IRQHandler
                0x0000000008001b94                EXTI2_IRQHandler
                0x0000000008001b94                TIM8_CC_IRQHandler
                0x0000000008001b94                TIM1_CC_IRQHandler
                0x0000000008001b94                DMA2_Stream5_IRQHandler
                0x0000000008001b94                DMA1_Stream5_IRQHandler
                0x0000000008001b94                PVD_IRQHandler
                0x0000000008001b94                SDIO_IRQHandler
                0x0000000008001b94                TAMP_STAMP_IRQHandler
                0x0000000008001b94                CAN2_RX1_IRQHandler
                0x0000000008001b94                EXTI3_IRQHandler
                0x0000000008001b94                TIM8_TRG_COM_TIM14_IRQHandler
                0x0000000008001b94                TIM1_UP_TIM10_IRQHandler
                0x0000000008001b94                TIM8_UP_TIM13_IRQHandler
                0x0000000008001b94                I2C3_ER_IRQHandler
                0x0000000008001b94                EXTI0_IRQHandler
                0x0000000008001b94                I2C2_EV_IRQHandler
                0x0000000008001b94                DMA1_Stream2_IRQHandler
                0x0000000008001b94                CAN1_RX0_IRQHandler
                0x0000000008001b94                FPU_IRQHandler
                0x0000000008001b94                OTG_HS_WKUP_IRQHandler
                0x0000000008001b94                CAN2_SCE_IRQHandler
                0x0000000008001b94                DMA2_Stream2_IRQHandler
                0x0000000008001b94                SPI1_IRQHandler
                0x0000000008001b94                TIM6_DAC_IRQHandler
                0x0000000008001b94                TIM1_BRK_TIM9_IRQHandler
                0x0000000008001b94                DCMI_IRQHandler
                0x0000000008001b94                CAN2_RX0_IRQHandler
                0x0000000008001b94                DMA2_Stream3_IRQHandler
                0x0000000008001b94                USART6_IRQHandler
                0x0000000008001b94                USART3_IRQHandler
                0x0000000008001b94                CAN1_RX1_IRQHandler
                0x0000000008001b94                UART5_IRQHandler
                0x0000000008001b94                DMA2_Stream0_IRQHandler
                0x0000000008001b94                TIM4_IRQHandler
                0x0000000008001b94                I2C1_EV_IRQHandler
                0x0000000008001b94                DMA1_Stream6_IRQHandler
                0x0000000008001b94                DMA1_Stream1_IRQHandler
                0x0000000008001b94                UART4_IRQHandler
                0x0000000008001b94                TIM3_IRQHandler
                0x0000000008001b94                RCC_IRQHandler
                0x0000000008001b94                TIM8_BRK_TIM12_IRQHandler
                0x0000000008001b94                Default_Handler
                0x0000000008001b94                EXTI15_10_IRQHandler
                0x0000000008001b94                ADC_IRQHandler
                0x0000000008001b94                DMA1_Stream7_IRQHandler
                0x0000000008001b94                TIM7_IRQHandler
                0x0000000008001b94                CAN2_TX_IRQHandler
                0x0000000008001b94                TIM5_IRQHandler
                0x0000000008001b94                DMA2_Stream7_IRQHandler
                0x0000000008001b94                I2C3_EV_IRQHandler
                0x0000000008001b94                EXTI9_5_IRQHandler
                0x0000000008001b94                RTC_WKUP_IRQHandler
                0x0000000008001b94                ETH_WKUP_IRQHandler
                0x0000000008001b94                SPI2_IRQHandler
                0x0000000008001b94                OTG_HS_EP1_IN_IRQHandler
                0x0000000008001b94                DMA1_Stream0_IRQHandler
                0x0000000008001b94                CAN1_TX_IRQHandler
                0x0000000008001b94                EXTI4_IRQHandler
                0x0000000008001b94                FSMC_IRQHandler
                0x0000000008001b94                ETH_IRQHandler
                0x0000000008001b94                OTG_HS_EP1_OUT_IRQHandler
                0x0000000008001b94                WWDG_IRQHandler
                0x0000000008001b94                TIM2_IRQHandler
                0x0000000008001b94                OTG_FS_WKUP_IRQHandler
                0x0000000008001b94                TIM1_TRG_COM_TIM11_IRQHandler
                0x0000000008001b94                OTG_HS_IRQHandler
                0x0000000008001b94                EXTI1_IRQHandler
                0x0000000008001b94                USART2_IRQHandler
                0x0000000008001b94                I2C2_ER_IRQHandler
                0x0000000008001b94                DMA2_Stream1_IRQHandler
                0x0000000008001b94                CAN1_SCE_IRQHandler
                0x0000000008001b94                FLASH_IRQHandler
                0x0000000008001b94                DMA2_Stream4_IRQHandler
                0x0000000008001b94                USART1_IRQHandler
                0x0000000008001b94                OTG_FS_IRQHandler
                0x0000000008001b94                SPI3_IRQHandler
                0x0000000008001b94                DMA1_Stream4_IRQHandler
                0x0000000008001b94                I2C1_ER_IRQHandler
                0x0000000008001b94                DMA2_Stream6_IRQHandler
                0x0000000008001b94                DMA1_Stream3_IRQHandler
 *fill*         0x0000000008001b96        0x2 
 .text.HAL_Init
                0x0000000008001b98       0x44 ./Drivers/STM32F4xx_HAL_Driver/Src/stm32f4xx_hal.o
                0x0000000008001b98                HAL_Init
 .text.HAL_InitTick
                0x0000000008001bdc       0x60 ./Drivers/STM32F4xx_HAL_Driver/Src/stm32f4xx_hal.o
                0x0000000008001bdc                HAL_InitTick
 .text.HAL_IncTick
                0x0000000008001c3c       0x28 ./Drivers/STM32F4xx_HAL_Driver/Src/stm32f4xx_hal.o
                0x0000000008001c3c                HAL_IncTick
 .text.HAL_GetTick
                0x0000000008001c64       0x18 ./Drivers/STM32F4xx_HAL_Driver/Src/stm32f4xx_hal.o
                0x0000000008001c64                HAL_GetTick
 .text.HAL_Delay
                0x0000000008001c7c       0x48 ./Drivers/STM32F4xx_HAL_Driver/Src/stm32f4xx_hal.o
                0x0000000008001c7c                HAL_Delay
 .text.HAL_ADC_Init
                0x0000000008001cc4       0x86 ./Drivers/STM32F4xx_HAL_Driver/Src/stm32f4xx_hal_adc.o
                0x0000000008001cc4                HAL_ADC_Init
 *fill*         0x0000000008001d4a        0x2 
 .text.HAL_ADC_Start
                0x0000000008001d4c      0x1a4 ./Drivers/STM32F4xx_HAL_Driver/Src/stm32f4xx_hal_adc.o
                0x0000000008001d4c                HAL_ADC_Start
 .text.HAL_ADC_PollForConversion
                0x0000000008001ef0      0x116 ./Drivers/STM32F4xx_HAL_Driver/Src/stm32f4xx_hal_adc.o
                0x0000000008001ef0                HAL_ADC_PollForConversion
 .text.HAL_ADC_GetValue
                0x0000000008002006       0x1a ./Drivers/STM32F4xx_HAL_Driver/Src/stm32f4xx_hal_adc.o
                0x0000000008002006                HAL_ADC_GetValue
 .text.HAL_ADC_ConfigChannel
                0x0000000008002020      0x244 ./Drivers/STM32F4xx_HAL_Driver/Src/stm32f4xx_hal_adc.o
                0x0000000008002020                HAL_ADC_ConfigChannel
 .text.ADC_Init
                0x0000000008002264      0x1f8 ./Drivers/STM32F4xx_HAL_Driver/Src/stm32f4xx_hal_adc.o
 .text.__NVIC_SetPriorityGrouping
                0x000000000800245c       0x48 ./Drivers/STM32F4xx_HAL_Driver/Src/stm32f4xx_hal_cortex.o
 .text.__NVIC_GetPriorityGrouping
                0x00000000080024a4       0x1c ./Drivers/STM32F4xx_HAL_Driver/Src/stm32f4xx_hal_cortex.o
 .text.__NVIC_SetPriority
                0x00000000080024c0       0x54 ./Drivers/STM32F4xx_HAL_Driver/Src/stm32f4xx_hal_cortex.o
 .text.NVIC_EncodePriority
                0x0000000008002514       0x66 ./Drivers/STM32F4xx_HAL_Driver/Src/stm32f4xx_hal_cortex.o
 *fill*         0x000000000800257a        0x2 
 .text.SysTick_Config
                0x000000000800257c       0x44 ./Drivers/STM32F4xx_HAL_Driver/Src/stm32f4xx_hal_cortex.o
 .text.HAL_NVIC_SetPriorityGrouping
                0x00000000080025c0       0x16 ./Drivers/STM32F4xx_HAL_Driver/Src/stm32f4xx_hal_cortex.o
                0x00000000080025c0                HAL_NVIC_SetPriorityGrouping
 .text.HAL_NVIC_SetPriority
                0x00000000080025d6       0x38 ./Drivers/STM32F4xx_HAL_Driver/Src/stm32f4xx_hal_cortex.o
                0x00000000080025d6                HAL_NVIC_SetPriority
 .text.HAL_SYSTICK_Config
                0x000000000800260e       0x18 ./Drivers/STM32F4xx_HAL_Driver/Src/stm32f4xx_hal_cortex.o
                0x000000000800260e                HAL_SYSTICK_Config
 *fill*         0x0000000008002626        0x2 
 .text.HAL_GPIO_Init
                0x0000000008002628      0x338 ./Drivers/STM32F4xx_HAL_Driver/Src/stm32f4xx_hal_gpio.o
                0x0000000008002628                HAL_GPIO_Init
 .text.HAL_GPIO_WritePin
                0x0000000008002960       0x32 ./Drivers/STM32F4xx_HAL_Driver/Src/stm32f4xx_hal_gpio.o
                0x0000000008002960                HAL_GPIO_WritePin
 *fill*         0x0000000008002992        0x2 
 .text.HAL_RCC_OscConfig
                0x0000000008002994      0x4f0 ./Drivers/STM32F4xx_HAL_Driver/Src/stm32f4xx_hal_rcc.o
                0x0000000008002994                HAL_RCC_OscConfig
 .text.HAL_RCC_ClockConfig
                0x0000000008002e84      0x1cc ./Drivers/STM32F4xx_HAL_Driver/Src/stm32f4xx_hal_rcc.o
                0x0000000008002e84                HAL_RCC_ClockConfig
 .text.HAL_RCC_GetSysClockFreq
                0x0000000008003050      0x20c ./Drivers/STM32F4xx_HAL_Driver/Src/stm32f4xx_hal_rcc.o
                0x0000000008003050                HAL_RCC_GetSysClockFreq
 .text.HAL_TIM_PWM_Init
                0x000000000800325c       0x9e ./Drivers/STM32F4xx_HAL_Driver/Src/stm32f4xx_hal_tim.o
                0x000000000800325c                HAL_TIM_PWM_Init
 *fill*         0x00000000080032fa        0x2 
 .text.HAL_TIM_PWM_Start
                0x00000000080032fc      0x190 ./Drivers/STM32F4xx_HAL_Driver/Src/stm32f4xx_hal_tim.o
                0x00000000080032fc                HAL_TIM_PWM_Start
 .text.HAL_TIM_PWM_ConfigChannel
                0x000000000800348c      0x184 ./Drivers/STM32F4xx_HAL_Driver/Src/stm32f4xx_hal_tim.o
                0x000000000800348c                HAL_TIM_PWM_ConfigChannel
 .text.TIM_Base_SetConfig
                0x0000000008003610      0x140 ./Drivers/STM32F4xx_HAL_Driver/Src/stm32f4xx_hal_tim.o
                0x0000000008003610                TIM_Base_SetConfig
 .text.TIM_OC1_SetConfig
                0x0000000008003750       0xe0 ./Drivers/STM32F4xx_HAL_Driver/Src/stm32f4xx_hal_tim.o
 .text.TIM_OC2_SetConfig
                0x0000000008003830       0xec ./Drivers/STM32F4xx_HAL_Driver/Src/stm32f4xx_hal_tim.o
                0x0000000008003830                TIM_OC2_SetConfig
 .text.TIM_OC3_SetConfig
                0x000000000800391c       0xe8 ./Drivers/STM32F4xx_HAL_Driver/Src/stm32f4xx_hal_tim.o
 .text.TIM_OC4_SetConfig
                0x0000000008003a04       0xac ./Drivers/STM32F4xx_HAL_Driver/Src/stm32f4xx_hal_tim.o
 .text.TIM_CCxChannelCmd
                0x0000000008003ab0       0x4a ./Drivers/STM32F4xx_HAL_Driver/Src/stm32f4xx_hal_tim.o
                0x0000000008003ab0                TIM_CCxChannelCmd
 *fill*         0x0000000008003afa        0x2 
 .text.HAL_TIMEx_MasterConfigSynchronization
                0x0000000008003afc       0xf8 ./Drivers/STM32F4xx_HAL_Driver/Src/stm32f4xx_hal_tim_ex.o
                0x0000000008003afc                HAL_TIMEx_MasterConfigSynchronization
 .text.__libc_init_array
                0x0000000008003bf4       0x48 /opt/st/stm32cubeide_1.12.1/plugins/com.st.stm32cube.ide.mcu.externaltools.gnu-tools-for-stm32.10.3-2021.10.linux64_1.0.200.202301161003/tools/bin/../lib/gcc/arm-none-eabi/10.3.1/../../../../arm-none-eabi/lib/thumb/v7e-m+fp/hard/libc_nano.a(lib_a-init.o)
                0x0000000008003bf4                __libc_init_array
 .text.memset   0x0000000008003c3c       0x10 /opt/st/stm32cubeide_1.12.1/plugins/com.st.stm32cube.ide.mcu.externaltools.gnu-tools-for-stm32.10.3-2021.10.linux64_1.0.200.202301161003/tools/bin/../lib/gcc/arm-none-eabi/10.3.1/../../../../arm-none-eabi/lib/thumb/v7e-m+fp/hard/libc_nano.a(lib_a-memset.o)
                0x0000000008003c3c                memset
 *(.glue_7)
 .glue_7        0x0000000008003c4c        0x0 linker stubs
 *(.glue_7t)
 .glue_7t       0x0000000008003c4c        0x0 linker stubs
 *(.eh_frame)
 .eh_frame      0x0000000008003c4c        0x0 /opt/st/stm32cubeide_1.12.1/plugins/com.st.stm32cube.ide.mcu.externaltools.gnu-tools-for-stm32.10.3-2021.10.linux64_1.0.200.202301161003/tools/bin/../lib/gcc/arm-none-eabi/10.3.1/thumb/v7e-m+fp/hard/crtbegin.o
 *(.init)
 .init          0x0000000008003c4c        0x4 /opt/st/stm32cubeide_1.12.1/plugins/com.st.stm32cube.ide.mcu.externaltools.gnu-tools-for-stm32.10.3-2021.10.linux64_1.0.200.202301161003/tools/bin/../lib/gcc/arm-none-eabi/10.3.1/thumb/v7e-m+fp/hard/crti.o
                0x0000000008003c4c                _init
 .init          0x0000000008003c50        0x8 /opt/st/stm32cubeide_1.12.1/plugins/com.st.stm32cube.ide.mcu.externaltools.gnu-tools-for-stm32.10.3-2021.10.linux64_1.0.200.202301161003/tools/bin/../lib/gcc/arm-none-eabi/10.3.1/thumb/v7e-m+fp/hard/crtn.o
 *(.fini)
 .fini          0x0000000008003c58        0x4 /opt/st/stm32cubeide_1.12.1/plugins/com.st.stm32cube.ide.mcu.externaltools.gnu-tools-for-stm32.10.3-2021.10.linux64_1.0.200.202301161003/tools/bin/../lib/gcc/arm-none-eabi/10.3.1/thumb/v7e-m+fp/hard/crti.o
                0x0000000008003c58                _fini
 .fini          0x0000000008003c5c        0x8 /opt/st/stm32cubeide_1.12.1/plugins/com.st.stm32cube.ide.mcu.externaltools.gnu-tools-for-stm32.10.3-2021.10.linux64_1.0.200.202301161003/tools/bin/../lib/gcc/arm-none-eabi/10.3.1/thumb/v7e-m+fp/hard/crtn.o
                0x0000000008003c64                . = ALIGN (0x4)
                0x0000000008003c64                _etext = .

.vfp11_veneer   0x0000000008003c64        0x0
 .vfp11_veneer  0x0000000008003c64        0x0 linker stubs

.v4_bx          0x0000000008003c64        0x0
 .v4_bx         0x0000000008003c64        0x0 linker stubs

.iplt           0x0000000008003c64        0x0
 .iplt          0x0000000008003c64        0x0 /opt/st/stm32cubeide_1.12.1/plugins/com.st.stm32cube.ide.mcu.externaltools.gnu-tools-for-stm32.10.3-2021.10.linux64_1.0.200.202301161003/tools/bin/../lib/gcc/arm-none-eabi/10.3.1/thumb/v7e-m+fp/hard/crtbegin.o

.rodata         0x0000000008003c64       0x10
                0x0000000008003c64                . = ALIGN (0x4)
 *(.rodata)
 *(.rodata*)
 .rodata.AHBPrescTable
                0x0000000008003c64       0x10 ./Core/Src/system_stm32f4xx.o
                0x0000000008003c64                AHBPrescTable
                0x0000000008003c74                . = ALIGN (0x4)

.ARM.extab      0x0000000008003c74        0x0
                0x0000000008003c74                . = ALIGN (0x4)
 *(.ARM.extab* .gnu.linkonce.armextab.*)
                0x0000000008003c74                . = ALIGN (0x4)

.ARM            0x0000000008003c74        0x8
                0x0000000008003c74                . = ALIGN (0x4)
                0x0000000008003c74                __exidx_start = .
 *(.ARM.exidx*)
 .ARM.exidx     0x0000000008003c74        0x8 /opt/st/stm32cubeide_1.12.1/plugins/com.st.stm32cube.ide.mcu.externaltools.gnu-tools-for-stm32.10.3-2021.10.linux64_1.0.200.202301161003/tools/bin/../lib/gcc/arm-none-eabi/10.3.1/thumb/v7e-m+fp/hard/libgcc.a(_udivmoddi4.o)
                0x0000000008003c7c                __exidx_end = .
                0x0000000008003c7c                . = ALIGN (0x4)

.rel.dyn        0x0000000008003c7c        0x0
 .rel.iplt      0x0000000008003c7c        0x0 /opt/st/stm32cubeide_1.12.1/plugins/com.st.stm32cube.ide.mcu.externaltools.gnu-tools-for-stm32.10.3-2021.10.linux64_1.0.200.202301161003/tools/bin/../lib/gcc/arm-none-eabi/10.3.1/thumb/v7e-m+fp/hard/crtbegin.o

.preinit_array  0x0000000008003c7c        0x0
                0x0000000008003c7c                . = ALIGN (0x4)
                0x0000000008003c7c                PROVIDE (__preinit_array_start = .)
 *(.preinit_array*)
                0x0000000008003c7c                PROVIDE (__preinit_array_end = .)
                0x0000000008003c7c                . = ALIGN (0x4)

.init_array     0x0000000008003c7c        0x4
                0x0000000008003c7c                . = ALIGN (0x4)
                0x0000000008003c7c                PROVIDE (__init_array_start = .)
 *(SORT_BY_NAME(.init_array.*))
 *(.init_array*)
 .init_array    0x0000000008003c7c        0x4 /opt/st/stm32cubeide_1.12.1/plugins/com.st.stm32cube.ide.mcu.externaltools.gnu-tools-for-stm32.10.3-2021.10.linux64_1.0.200.202301161003/tools/bin/../lib/gcc/arm-none-eabi/10.3.1/thumb/v7e-m+fp/hard/crtbegin.o
                0x0000000008003c80                PROVIDE (__init_array_end = .)
                0x0000000008003c80                . = ALIGN (0x4)

.fini_array     0x0000000008003c80        0x4
                0x0000000008003c80                . = ALIGN (0x4)
                [!provide]                        PROVIDE (__fini_array_start = .)
 *(SORT_BY_NAME(.fini_array.*))
 *(.fini_array*)
 .fini_array    0x0000000008003c80        0x4 /opt/st/stm32cubeide_1.12.1/plugins/com.st.stm32cube.ide.mcu.externaltools.gnu-tools-for-stm32.10.3-2021.10.linux64_1.0.200.202301161003/tools/bin/../lib/gcc/arm-none-eabi/10.3.1/thumb/v7e-m+fp/hard/crtbegin.o
                [!provide]                        PROVIDE (__fini_array_end = .)
                0x0000000008003c84                . = ALIGN (0x4)
                0x0000000008003c84                _sidata = LOADADDR (.data)

.data           0x0000000020000000       0x1c load address 0x0000000008003c84
                0x0000000020000000                . = ALIGN (0x4)
                0x0000000020000000                _sdata = .
 *(.data)
 *(.data*)
 .data.bias     0x0000000020000000        0x8 ./Core/Src/main.o
                0x0000000020000000                bias
 .data.learningRate
                0x0000000020000008        0x8 ./Core/Src/main.o
                0x0000000020000008                learningRate
 .data.SystemCoreClock
                0x0000000020000010        0x4 ./Core/Src/system_stm32f4xx.o
                0x0000000020000010                SystemCoreClock
 .data.uwTickPrio
                0x0000000020000014        0x4 ./Drivers/STM32F4xx_HAL_Driver/Src/stm32f4xx_hal.o
                0x0000000020000014                uwTickPrio
 .data.uwTickFreq
                0x0000000020000018        0x1 ./Drivers/STM32F4xx_HAL_Driver/Src/stm32f4xx_hal.o
                0x0000000020000018                uwTickFreq
 *(.RamFunc)
 *(.RamFunc*)
                0x000000002000001c                . = ALIGN (0x4)
 *fill*         0x0000000020000019        0x3 
                0x000000002000001c                _edata = .
                0x0000000008003ca0                _siccmram = LOADADDR (.ccmram)

.igot.plt       0x000000002000001c        0x0 load address 0x0000000008003ca0
 .igot.plt      0x000000002000001c        0x0 /opt/st/stm32cubeide_1.12.1/plugins/com.st.stm32cube.ide.mcu.externaltools.gnu-tools-for-stm32.10.3-2021.10.linux64_1.0.200.202301161003/tools/bin/../lib/gcc/arm-none-eabi/10.3.1/thumb/v7e-m+fp/hard/crtbegin.o

.ccmram         0x0000000010000000        0x0 load address 0x0000000008003ca0
                0x0000000010000000                . = ALIGN (0x4)
                0x0000000010000000                _sccmram = .
 *(.ccmram)
 *(.ccmram*)
                0x0000000010000000                . = ALIGN (0x4)
                0x0000000010000000                _eccmram = .
                0x0000000010000000                . = ALIGN (0x4)

.bss            0x0000000020000020      0x154
                0x0000000020000020                _sbss = .
                0x0000000020000020                __bss_start__ = _sbss
 *(.bss)
 .bss           0x0000000020000020       0x1c /opt/st/stm32cubeide_1.12.1/plugins/com.st.stm32cube.ide.mcu.externaltools.gnu-tools-for-stm32.10.3-2021.10.linux64_1.0.200.202301161003/tools/bin/../lib/gcc/arm-none-eabi/10.3.1/thumb/v7e-m+fp/hard/crtbegin.o
 *(.bss*)
 .bss.hadc1     0x000000002000003c       0x48 ./Core/Src/main.o
                0x000000002000003c                hadc1
 .bss.hadc2     0x0000000020000084       0x48 ./Core/Src/main.o
                0x0000000020000084                hadc2
 .bss.htim3     0x00000000200000cc       0x48 ./Core/Src/main.o
                0x00000000200000cc                htim3
 .bss.htim5     0x0000000020000114       0x48 ./Core/Src/main.o
                0x0000000020000114                htim5
 *fill*         0x000000002000015c        0x4 
 .bss.weight1_FOR_MONITOR
                0x0000000020000160        0x8 ./Core/Src/main.o
                0x0000000020000160                weight1_FOR_MONITOR
 .bss.weight2_FOR_MONITOR
                0x0000000020000168        0x8 ./Core/Src/main.o
                0x0000000020000168                weight2_FOR_MONITOR
 .bss.uwTick    0x0000000020000170        0x4 ./Drivers/STM32F4xx_HAL_Driver/Src/stm32f4xx_hal.o
                0x0000000020000170                uwTick
 *(COMMON)
                0x0000000020000174                . = ALIGN (0x4)
                0x0000000020000174                _ebss = .
                0x0000000020000174                __bss_end__ = _ebss

._user_heap_stack
                0x0000000020000174      0x604
                0x0000000020000178                . = ALIGN (0x8)
 *fill*         0x0000000020000174        0x4 
                [!provide]                        PROVIDE (end = .)
                0x0000000020000178                PROVIDE (_end = .)
                0x0000000020000378                . = (. + _Min_Heap_Size)
 *fill*         0x0000000020000178      0x200 
                0x0000000020000778                . = (. + _Min_Stack_Size)
 *fill*         0x0000000020000378      0x400 
                0x0000000020000778                . = ALIGN (0x8)

/DISCARD/
 libc.a(*)
 libm.a(*)
 libgcc.a(*)

.ARM.attributes
                0x0000000000000000       0x30
 *(.ARM.attributes)
 .ARM.attributes
                0x0000000000000000       0x1e /opt/st/stm32cubeide_1.12.1/plugins/com.st.stm32cube.ide.mcu.externaltools.gnu-tools-for-stm32.10.3-2021.10.linux64_1.0.200.202301161003/tools/bin/../lib/gcc/arm-none-eabi/10.3.1/thumb/v7e-m+fp/hard/crti.o
 .ARM.attributes
                0x000000000000001e       0x34 /opt/st/stm32cubeide_1.12.1/plugins/com.st.stm32cube.ide.mcu.externaltools.gnu-tools-for-stm32.10.3-2021.10.linux64_1.0.200.202301161003/tools/bin/../lib/gcc/arm-none-eabi/10.3.1/thumb/v7e-m+fp/hard/crtbegin.o
 .ARM.attributes
                0x0000000000000052       0x34 ./Core/Src/main.o
 .ARM.attributes
                0x0000000000000086       0x34 ./Core/Src/stm32f4xx_hal_msp.o
 .ARM.attributes
                0x00000000000000ba       0x34 ./Core/Src/stm32f4xx_it.o
 .ARM.attributes
                0x00000000000000ee       0x34 ./Core/Src/system_stm32f4xx.o
 .ARM.attributes
                0x0000000000000122       0x21 ./Core/Startup/startup_stm32f407vgtx.o
 .ARM.attributes
                0x0000000000000143       0x34 ./Drivers/STM32F4xx_HAL_Driver/Src/stm32f4xx_hal.o
 .ARM.attributes
                0x0000000000000177       0x34 ./Drivers/STM32F4xx_HAL_Driver/Src/stm32f4xx_hal_adc.o
 .ARM.attributes
                0x00000000000001ab       0x34 ./Drivers/STM32F4xx_HAL_Driver/Src/stm32f4xx_hal_cortex.o
 .ARM.attributes
                0x00000000000001df       0x34 ./Drivers/STM32F4xx_HAL_Driver/Src/stm32f4xx_hal_gpio.o
 .ARM.attributes
                0x0000000000000213       0x34 ./Drivers/STM32F4xx_HAL_Driver/Src/stm32f4xx_hal_rcc.o
 .ARM.attributes
                0x0000000000000247       0x34 ./Drivers/STM32F4xx_HAL_Driver/Src/stm32f4xx_hal_tim.o
 .ARM.attributes
                0x000000000000027b       0x34 ./Drivers/STM32F4xx_HAL_Driver/Src/stm32f4xx_hal_tim_ex.o
 .ARM.attributes
                0x00000000000002af       0x34 /opt/st/stm32cubeide_1.12.1/plugins/com.st.stm32cube.ide.mcu.externaltools.gnu-tools-for-stm32.10.3-2021.10.linux64_1.0.200.202301161003/tools/bin/../lib/gcc/arm-none-eabi/10.3.1/../../../../arm-none-eabi/lib/thumb/v7e-m+fp/hard/libc_nano.a(lib_a-init.o)
 .ARM.attributes
                0x00000000000002e3       0x34 /opt/st/stm32cubeide_1.12.1/plugins/com.st.stm32cube.ide.mcu.externaltools.gnu-tools-for-stm32.10.3-2021.10.linux64_1.0.200.202301161003/tools/bin/../lib/gcc/arm-none-eabi/10.3.1/../../../../arm-none-eabi/lib/thumb/v7e-m+fp/hard/libc_nano.a(lib_a-memset.o)
 .ARM.attributes
                0x0000000000000317       0x1e /opt/st/stm32cubeide_1.12.1/plugins/com.st.stm32cube.ide.mcu.externaltools.gnu-tools-for-stm32.10.3-2021.10.linux64_1.0.200.202301161003/tools/bin/../lib/gcc/arm-none-eabi/10.3.1/thumb/v7e-m+fp/hard/libgcc.a(_arm_addsubdf3.o)
 .ARM.attributes
                0x0000000000000335       0x1e /opt/st/stm32cubeide_1.12.1/plugins/com.st.stm32cube.ide.mcu.externaltools.gnu-tools-for-stm32.10.3-2021.10.linux64_1.0.200.202301161003/tools/bin/../lib/gcc/arm-none-eabi/10.3.1/thumb/v7e-m+fp/hard/libgcc.a(_arm_muldivdf3.o)
 .ARM.attributes
                0x0000000000000353       0x1e /opt/st/stm32cubeide_1.12.1/plugins/com.st.stm32cube.ide.mcu.externaltools.gnu-tools-for-stm32.10.3-2021.10.linux64_1.0.200.202301161003/tools/bin/../lib/gcc/arm-none-eabi/10.3.1/thumb/v7e-m+fp/hard/libgcc.a(_arm_cmpdf2.o)
 .ARM.attributes
                0x0000000000000371       0x1e /opt/st/stm32cubeide_1.12.1/plugins/com.st.stm32cube.ide.mcu.externaltools.gnu-tools-for-stm32.10.3-2021.10.linux64_1.0.200.202301161003/tools/bin/../lib/gcc/arm-none-eabi/10.3.1/thumb/v7e-m+fp/hard/libgcc.a(_arm_fixunsdfsi.o)
 .ARM.attributes
                0x000000000000038f       0x1e /opt/st/stm32cubeide_1.12.1/plugins/com.st.stm32cube.ide.mcu.externaltools.gnu-tools-for-stm32.10.3-2021.10.linux64_1.0.200.202301161003/tools/bin/../lib/gcc/arm-none-eabi/10.3.1/thumb/v7e-m+fp/hard/libgcc.a(_aeabi_uldivmod.o)
 .ARM.attributes
                0x00000000000003ad       0x34 /opt/st/stm32cubeide_1.12.1/plugins/com.st.stm32cube.ide.mcu.externaltools.gnu-tools-for-stm32.10.3-2021.10.linux64_1.0.200.202301161003/tools/bin/../lib/gcc/arm-none-eabi/10.3.1/thumb/v7e-m+fp/hard/libgcc.a(_udivmoddi4.o)
 .ARM.attributes
                0x00000000000003e1       0x1e /opt/st/stm32cubeide_1.12.1/plugins/com.st.stm32cube.ide.mcu.externaltools.gnu-tools-for-stm32.10.3-2021.10.linux64_1.0.200.202301161003/tools/bin/../lib/gcc/arm-none-eabi/10.3.1/thumb/v7e-m+fp/hard/libgcc.a(_dvmd_tls.o)
 .ARM.attributes
                0x00000000000003ff       0x1e /opt/st/stm32cubeide_1.12.1/plugins/com.st.stm32cube.ide.mcu.externaltools.gnu-tools-for-stm32.10.3-2021.10.linux64_1.0.200.202301161003/tools/bin/../lib/gcc/arm-none-eabi/10.3.1/thumb/v7e-m+fp/hard/crtn.o
OUTPUT(EE242_FinalPartA.elf elf32-littlearm)
LOAD linker stubs
LOAD /opt/st/stm32cubeide_1.12.1/plugins/com.st.stm32cube.ide.mcu.externaltools.gnu-tools-for-stm32.10.3-2021.10.linux64_1.0.200.202301161003/tools/bin/../lib/gcc/arm-none-eabi/10.3.1/../../../../arm-none-eabi/lib/thumb/v7e-m+fp/hard/libc.a
LOAD /opt/st/stm32cubeide_1.12.1/plugins/com.st.stm32cube.ide.mcu.externaltools.gnu-tools-for-stm32.10.3-2021.10.linux64_1.0.200.202301161003/tools/bin/../lib/gcc/arm-none-eabi/10.3.1/../../../../arm-none-eabi/lib/thumb/v7e-m+fp/hard/libm.a
LOAD /opt/st/stm32cubeide_1.12.1/plugins/com.st.stm32cube.ide.mcu.externaltools.gnu-tools-for-stm32.10.3-2021.10.linux64_1.0.200.202301161003/tools/bin/../lib/gcc/arm-none-eabi/10.3.1/thumb/v7e-m+fp/hard/libgcc.a

.debug_info     0x0000000000000000     0xa178
 .debug_info    0x0000000000000000     0x1587 ./Core/Src/main.o
 .debug_info    0x0000000000001587      0xe16 ./Core/Src/stm32f4xx_hal_msp.o
 .debug_info    0x000000000000239d      0x121 ./Core/Src/stm32f4xx_it.o
 .debug_info    0x00000000000024be      0x523 ./Core/Src/system_stm32f4xx.o
 .debug_info    0x00000000000029e1       0x22 ./Core/Startup/startup_stm32f407vgtx.o
 .debug_info    0x0000000000002a03      0x97c ./Drivers/STM32F4xx_HAL_Driver/Src/stm32f4xx_hal.o
 .debug_info    0x000000000000337f      0xd70 ./Drivers/STM32F4xx_HAL_Driver/Src/stm32f4xx_hal_adc.o
 .debug_info    0x00000000000040ef      0xe1b ./Drivers/STM32F4xx_HAL_Driver/Src/stm32f4xx_hal_cortex.o
 .debug_info    0x0000000000004f0a      0x76a ./Drivers/STM32F4xx_HAL_Driver/Src/stm32f4xx_hal_gpio.o
 .debug_info    0x0000000000005674      0x966 ./Drivers/STM32F4xx_HAL_Driver/Src/stm32f4xx_hal_rcc.o
 .debug_info    0x0000000000005fda     0x2bbe ./Drivers/STM32F4xx_HAL_Driver/Src/stm32f4xx_hal_tim.o
 .debug_info    0x0000000000008b98     0x15e0 ./Drivers/STM32F4xx_HAL_Driver/Src/stm32f4xx_hal_tim_ex.o

.debug_abbrev   0x0000000000000000     0x16c9
 .debug_abbrev  0x0000000000000000      0x291 ./Core/Src/main.o
 .debug_abbrev  0x0000000000000291      0x205 ./Core/Src/stm32f4xx_hal_msp.o
 .debug_abbrev  0x0000000000000496       0x74 ./Core/Src/stm32f4xx_it.o
 .debug_abbrev  0x000000000000050a      0x116 ./Core/Src/system_stm32f4xx.o
 .debug_abbrev  0x0000000000000620       0x12 ./Core/Startup/startup_stm32f407vgtx.o
 .debug_abbrev  0x0000000000000632      0x20d ./Drivers/STM32F4xx_HAL_Driver/Src/stm32f4xx_hal.o
 .debug_abbrev  0x000000000000083f      0x244 ./Drivers/STM32F4xx_HAL_Driver/Src/stm32f4xx_hal_adc.o
 .debug_abbrev  0x0000000000000a83      0x316 ./Drivers/STM32F4xx_HAL_Driver/Src/stm32f4xx_hal_cortex.o
 .debug_abbrev  0x0000000000000d99      0x1c4 ./Drivers/STM32F4xx_HAL_Driver/Src/stm32f4xx_hal_gpio.o
 .debug_abbrev  0x0000000000000f5d      0x2aa ./Drivers/STM32F4xx_HAL_Driver/Src/stm32f4xx_hal_rcc.o
 .debug_abbrev  0x0000000000001207      0x25d ./Drivers/STM32F4xx_HAL_Driver/Src/stm32f4xx_hal_tim.o
 .debug_abbrev  0x0000000000001464      0x265 ./Drivers/STM32F4xx_HAL_Driver/Src/stm32f4xx_hal_tim_ex.o

.debug_aranges  0x0000000000000000      0xa90
 .debug_aranges
                0x0000000000000000       0x90 ./Core/Src/main.o
 .debug_aranges
                0x0000000000000090       0x48 ./Core/Src/stm32f4xx_hal_msp.o
 .debug_aranges
                0x00000000000000d8       0x60 ./Core/Src/stm32f4xx_it.o
 .debug_aranges
                0x0000000000000138       0x28 ./Core/Src/system_stm32f4xx.o
 .debug_aranges
                0x0000000000000160       0x28 ./Core/Startup/startup_stm32f407vgtx.o
 .debug_aranges
                0x0000000000000188       0xf0 ./Drivers/STM32F4xx_HAL_Driver/Src/stm32f4xx_hal.o
 .debug_aranges
                0x0000000000000278       0xe8 ./Drivers/STM32F4xx_HAL_Driver/Src/stm32f4xx_hal_adc.o
 .debug_aranges
                0x0000000000000360      0x118 ./Drivers/STM32F4xx_HAL_Driver/Src/stm32f4xx_hal_cortex.o
 .debug_aranges
                0x0000000000000478       0x58 ./Drivers/STM32F4xx_HAL_Driver/Src/stm32f4xx_hal_gpio.o
 .debug_aranges
                0x00000000000004d0       0x88 ./Drivers/STM32F4xx_HAL_Driver/Src/stm32f4xx_hal_rcc.o
 .debug_aranges
                0x0000000000000558      0x3d0 ./Drivers/STM32F4xx_HAL_Driver/Src/stm32f4xx_hal_tim.o
 .debug_aranges
                0x0000000000000928      0x168 ./Drivers/STM32F4xx_HAL_Driver/Src/stm32f4xx_hal_tim_ex.o

.debug_ranges   0x0000000000000000      0x9d8
 .debug_ranges  0x0000000000000000       0x80 ./Core/Src/main.o
 .debug_ranges  0x0000000000000080       0x38 ./Core/Src/stm32f4xx_hal_msp.o
 .debug_ranges  0x00000000000000b8       0x50 ./Core/Src/stm32f4xx_it.o
 .debug_ranges  0x0000000000000108       0x18 ./Core/Src/system_stm32f4xx.o
 .debug_ranges  0x0000000000000120       0x20 ./Core/Startup/startup_stm32f407vgtx.o
 .debug_ranges  0x0000000000000140       0xe0 ./Drivers/STM32F4xx_HAL_Driver/Src/stm32f4xx_hal.o
 .debug_ranges  0x0000000000000220       0xd8 ./Drivers/STM32F4xx_HAL_Driver/Src/stm32f4xx_hal_adc.o
 .debug_ranges  0x00000000000002f8      0x108 ./Drivers/STM32F4xx_HAL_Driver/Src/stm32f4xx_hal_cortex.o
 .debug_ranges  0x0000000000000400       0x48 ./Drivers/STM32F4xx_HAL_Driver/Src/stm32f4xx_hal_gpio.o
 .debug_ranges  0x0000000000000448       0x78 ./Drivers/STM32F4xx_HAL_Driver/Src/stm32f4xx_hal_rcc.o
 .debug_ranges  0x00000000000004c0      0x3c0 ./Drivers/STM32F4xx_HAL_Driver/Src/stm32f4xx_hal_tim.o
 .debug_ranges  0x0000000000000880      0x158 ./Drivers/STM32F4xx_HAL_Driver/Src/stm32f4xx_hal_tim_ex.o

.debug_macro    0x0000000000000000    0x20fc3
 .debug_macro   0x0000000000000000      0x20d ./Core/Src/main.o
 .debug_macro   0x000000000000020d      0xa78 ./Core/Src/main.o
 .debug_macro   0x0000000000000c85      0x29b ./Core/Src/main.o
 .debug_macro   0x0000000000000f20       0x2e ./Core/Src/main.o
 .debug_macro   0x0000000000000f4e       0x2f ./Core/Src/main.o
 .debug_macro   0x0000000000000f7d       0x22 ./Core/Src/main.o
 .debug_macro   0x0000000000000f9f       0x8e ./Core/Src/main.o
 .debug_macro   0x000000000000102d       0x51 ./Core/Src/main.o
 .debug_macro   0x000000000000107e      0x103 ./Core/Src/main.o
 .debug_macro   0x0000000000001181       0x6a ./Core/Src/main.o
 .debug_macro   0x00000000000011eb      0x1df ./Core/Src/main.o
 .debug_macro   0x00000000000013ca       0x1c ./Core/Src/main.o
 .debug_macro   0x00000000000013e6       0x22 ./Core/Src/main.o
 .debug_macro   0x0000000000001408       0xd9 ./Core/Src/main.o
 .debug_macro   0x00000000000014e1     0x102d ./Core/Src/main.o
 .debug_macro   0x000000000000250e      0x11f ./Core/Src/main.o
 .debug_macro   0x000000000000262d    0x15e82 ./Core/Src/main.o
 .debug_macro   0x00000000000184af       0x6d ./Core/Src/main.o
 .debug_macro   0x000000000001851c     0x367e ./Core/Src/main.o
 .debug_macro   0x000000000001bb9a      0x174 ./Core/Src/main.o
 .debug_macro   0x000000000001bd0e       0x5c ./Core/Src/main.o
 .debug_macro   0x000000000001bd6a      0x96b ./Core/Src/main.o
 .debug_macro   0x000000000001c6d5      0x9fe ./Core/Src/main.o
 .debug_macro   0x000000000001d0d3      0x115 ./Core/Src/main.o
 .debug_macro   0x000000000001d1e8      0x13e ./Core/Src/main.o
 .debug_macro   0x000000000001d326       0xa5 ./Core/Src/main.o
 .debug_macro   0x000000000001d3cb      0x174 ./Core/Src/main.o
 .debug_macro   0x000000000001d53f      0x287 ./Core/Src/main.o
 .debug_macro   0x000000000001d7c6       0x5f ./Core/Src/main.o
 .debug_macro   0x000000000001d825      0x236 ./Core/Src/main.o
 .debug_macro   0x000000000001da5b      0xb5b ./Core/Src/main.o
 .debug_macro   0x000000000001e5b6      0x38b ./Core/Src/main.o
 .debug_macro   0x000000000001e941      0x176 ./Core/Src/main.o
 .debug_macro   0x000000000001eab7       0xf9 ./Core/Src/main.o
 .debug_macro   0x000000000001ebb0      0x12c ./Core/Src/main.o
 .debug_macro   0x000000000001ecdc      0x21e ./Core/Src/main.o
 .debug_macro   0x000000000001eefa       0x2e ./Core/Src/main.o
 .debug_macro   0x000000000001ef28      0x11a ./Core/Src/main.o
 .debug_macro   0x000000000001f042       0x7e ./Core/Src/main.o
 .debug_macro   0x000000000001f0c0       0x89 ./Core/Src/main.o
 .debug_macro   0x000000000001f149      0x8e6 ./Core/Src/main.o
 .debug_macro   0x000000000001fa2f       0x47 ./Core/Src/main.o
 .debug_macro   0x000000000001fa76      0x12d ./Core/Src/main.o
 .debug_macro   0x000000000001fba3       0x34 ./Core/Src/main.o
 .debug_macro   0x000000000001fbd7      0x1fb ./Core/Src/stm32f4xx_hal_msp.o
 .debug_macro   0x000000000001fdd2      0x205 ./Core/Src/stm32f4xx_it.o
 .debug_macro   0x000000000001ffd7      0x1ec ./Core/Src/system_stm32f4xx.o
 .debug_macro   0x00000000000201c3      0x24c ./Drivers/STM32F4xx_HAL_Driver/Src/stm32f4xx_hal.o
 .debug_macro   0x000000000002040f      0x1ed ./Drivers/STM32F4xx_HAL_Driver/Src/stm32f4xx_hal_adc.o
 .debug_macro   0x00000000000205fc      0x1ec ./Drivers/STM32F4xx_HAL_Driver/Src/stm32f4xx_hal_cortex.o
 .debug_macro   0x00000000000207e8      0x1f2 ./Drivers/STM32F4xx_HAL_Driver/Src/stm32f4xx_hal_gpio.o
 .debug_macro   0x00000000000209da      0x210 ./Drivers/STM32F4xx_HAL_Driver/Src/stm32f4xx_hal_rcc.o
 .debug_macro   0x0000000000020bea      0x1ed ./Drivers/STM32F4xx_HAL_Driver/Src/stm32f4xx_hal_tim.o
 .debug_macro   0x0000000000020dd7      0x1ec ./Drivers/STM32F4xx_HAL_Driver/Src/stm32f4xx_hal_tim_ex.o

.debug_line     0x0000000000000000     0xb412
 .debug_line    0x0000000000000000      0xbbf ./Core/Src/main.o
 .debug_line    0x0000000000000bbf      0x7ea ./Core/Src/stm32f4xx_hal_msp.o
 .debug_line    0x00000000000013a9      0x791 ./Core/Src/stm32f4xx_it.o
 .debug_line    0x0000000000001b3a      0x750 ./Core/Src/system_stm32f4xx.o
 .debug_line    0x000000000000228a       0x88 ./Core/Startup/startup_stm32f407vgtx.o
 .debug_line    0x0000000000002312      0x9b6 ./Drivers/STM32F4xx_HAL_Driver/Src/stm32f4xx_hal.o
 .debug_line    0x0000000000002cc8     0x122c ./Drivers/STM32F4xx_HAL_Driver/Src/stm32f4xx_hal_adc.o
 .debug_line    0x0000000000003ef4      0xc65 ./Drivers/STM32F4xx_HAL_Driver/Src/stm32f4xx_hal_cortex.o
 .debug_line    0x0000000000004b59      0xb2a ./Drivers/STM32F4xx_HAL_Driver/Src/stm32f4xx_hal_gpio.o
 .debug_line    0x0000000000005683      0xd32 ./Drivers/STM32F4xx_HAL_Driver/Src/stm32f4xx_hal_rcc.o
 .debug_line    0x00000000000063b5     0x36aa ./Drivers/STM32F4xx_HAL_Driver/Src/stm32f4xx_hal_tim.o
 .debug_line    0x0000000000009a5f     0x19b3 ./Drivers/STM32F4xx_HAL_Driver/Src/stm32f4xx_hal_tim_ex.o

.debug_str      0x0000000000000000    0xd1207
 .debug_str     0x0000000000000000    0xce8f0 ./Core/Src/main.o
                                      0xcec53 (size before relaxing)
 .debug_str     0x00000000000ce8f0       0xb8 ./Core/Src/stm32f4xx_hal_msp.o
                                      0xce7a2 (size before relaxing)
 .debug_str     0x00000000000ce9a8       0xc9 ./Core/Src/stm32f4xx_it.o
                                      0xcdf45 (size before relaxing)
 .debug_str     0x00000000000cea71       0xdb ./Core/Src/system_stm32f4xx.o
                                      0xcdfa7 (size before relaxing)
 .debug_str     0x00000000000ceb4c       0x36 ./Core/Startup/startup_stm32f407vgtx.o
                                         0x75 (size before relaxing)
 .debug_str     0x00000000000ceb82      0xae0 ./Drivers/STM32F4xx_HAL_Driver/Src/stm32f4xx_hal.o
                                      0xceb2b (size before relaxing)
 .debug_str     0x00000000000cf662      0x29a ./Drivers/STM32F4xx_HAL_Driver/Src/stm32f4xx_hal_adc.o
                                      0xce594 (size before relaxing)
 .debug_str     0x00000000000cf8fc      0x352 ./Drivers/STM32F4xx_HAL_Driver/Src/stm32f4xx_hal_cortex.o
                                      0xce85e (size before relaxing)
 .debug_str     0x00000000000cfc4e      0x121 ./Drivers/STM32F4xx_HAL_Driver/Src/stm32f4xx_hal_gpio.o
                                      0xce122 (size before relaxing)
 .debug_str     0x00000000000cfd6f      0x233 ./Drivers/STM32F4xx_HAL_Driver/Src/stm32f4xx_hal_rcc.o
                                      0xce3db (size before relaxing)
 .debug_str     0x00000000000cffa2      0xdd2 ./Drivers/STM32F4xx_HAL_Driver/Src/stm32f4xx_hal_tim.o
                                      0xcf321 (size before relaxing)
 .debug_str     0x00000000000d0d74      0x493 ./Drivers/STM32F4xx_HAL_Driver/Src/stm32f4xx_hal_tim_ex.o
                                      0xceb3d (size before relaxing)

.comment        0x0000000000000000       0x50
 .comment       0x0000000000000000       0x50 ./Core/Src/main.o
                                         0x51 (size before relaxing)
 .comment       0x0000000000000050       0x51 ./Core/Src/stm32f4xx_hal_msp.o
 .comment       0x0000000000000050       0x51 ./Core/Src/stm32f4xx_it.o
 .comment       0x0000000000000050       0x51 ./Core/Src/system_stm32f4xx.o
 .comment       0x0000000000000050       0x51 ./Drivers/STM32F4xx_HAL_Driver/Src/stm32f4xx_hal.o
 .comment       0x0000000000000050       0x51 ./Drivers/STM32F4xx_HAL_Driver/Src/stm32f4xx_hal_adc.o
 .comment       0x0000000000000050       0x51 ./Drivers/STM32F4xx_HAL_Driver/Src/stm32f4xx_hal_cortex.o
 .comment       0x0000000000000050       0x51 ./Drivers/STM32F4xx_HAL_Driver/Src/stm32f4xx_hal_gpio.o
 .comment       0x0000000000000050       0x51 ./Drivers/STM32F4xx_HAL_Driver/Src/stm32f4xx_hal_rcc.o
 .comment       0x0000000000000050       0x51 ./Drivers/STM32F4xx_HAL_Driver/Src/stm32f4xx_hal_tim.o
 .comment       0x0000000000000050       0x51 ./Drivers/STM32F4xx_HAL_Driver/Src/stm32f4xx_hal_tim_ex.o

.debug_frame    0x0000000000000000     0x2e58
 .debug_frame   0x0000000000000000      0x238 ./Core/Src/main.o
 .debug_frame   0x0000000000000238       0xf0 ./Core/Src/stm32f4xx_hal_msp.o
 .debug_frame   0x0000000000000328      0x104 ./Core/Src/stm32f4xx_it.o
 .debug_frame   0x000000000000042c       0x58 ./Core/Src/system_stm32f4xx.o
 .debug_frame   0x0000000000000484      0x374 ./Drivers/STM32F4xx_HAL_Driver/Src/stm32f4xx_hal.o
 .debug_frame   0x00000000000007f8      0x3fc ./Drivers/STM32F4xx_HAL_Driver/Src/stm32f4xx_hal_adc.o
 .debug_frame   0x0000000000000bf4      0x498 ./Drivers/STM32F4xx_HAL_Driver/Src/stm32f4xx_hal_cortex.o
 .debug_frame   0x000000000000108c      0x14c ./Drivers/STM32F4xx_HAL_Driver/Src/stm32f4xx_hal_gpio.o
 .debug_frame   0x00000000000011d8      0x1f4 ./Drivers/STM32F4xx_HAL_Driver/Src/stm32f4xx_hal_rcc.o
 .debug_frame   0x00000000000013cc     0x11c4 ./Drivers/STM32F4xx_HAL_Driver/Src/stm32f4xx_hal_tim.o
 .debug_frame   0x0000000000002590      0x638 ./Drivers/STM32F4xx_HAL_Driver/Src/stm32f4xx_hal_tim_ex.o
 .debug_frame   0x0000000000002bc8       0x2c /opt/st/stm32cubeide_1.12.1/plugins/com.st.stm32cube.ide.mcu.externaltools.gnu-tools-for-stm32.10.3-2021.10.linux64_1.0.200.202301161003/tools/bin/../lib/gcc/arm-none-eabi/10.3.1/../../../../arm-none-eabi/lib/thumb/v7e-m+fp/hard/libc_nano.a(lib_a-init.o)
 .debug_frame   0x0000000000002bf4       0x20 /opt/st/stm32cubeide_1.12.1/plugins/com.st.stm32cube.ide.mcu.externaltools.gnu-tools-for-stm32.10.3-2021.10.linux64_1.0.200.202301161003/tools/bin/../lib/gcc/arm-none-eabi/10.3.1/../../../../arm-none-eabi/lib/thumb/v7e-m+fp/hard/libc_nano.a(lib_a-memset.o)
 .debug_frame   0x0000000000002c14       0xac /opt/st/stm32cubeide_1.12.1/plugins/com.st.stm32cube.ide.mcu.externaltools.gnu-tools-for-stm32.10.3-2021.10.linux64_1.0.200.202301161003/tools/bin/../lib/gcc/arm-none-eabi/10.3.1/thumb/v7e-m+fp/hard/libgcc.a(_arm_addsubdf3.o)
 .debug_frame   0x0000000000002cc0       0x50 /opt/st/stm32cubeide_1.12.1/plugins/com.st.stm32cube.ide.mcu.externaltools.gnu-tools-for-stm32.10.3-2021.10.linux64_1.0.200.202301161003/tools/bin/../lib/gcc/arm-none-eabi/10.3.1/thumb/v7e-m+fp/hard/libgcc.a(_arm_muldivdf3.o)
 .debug_frame   0x0000000000002d10       0xc4 /opt/st/stm32cubeide_1.12.1/plugins/com.st.stm32cube.ide.mcu.externaltools.gnu-tools-for-stm32.10.3-2021.10.linux64_1.0.200.202301161003/tools/bin/../lib/gcc/arm-none-eabi/10.3.1/thumb/v7e-m+fp/hard/libgcc.a(_arm_cmpdf2.o)
 .debug_frame   0x0000000000002dd4       0x24 /opt/st/stm32cubeide_1.12.1/plugins/com.st.stm32cube.ide.mcu.externaltools.gnu-tools-for-stm32.10.3-2021.10.linux64_1.0.200.202301161003/tools/bin/../lib/gcc/arm-none-eabi/10.3.1/thumb/v7e-m+fp/hard/libgcc.a(_arm_fixunsdfsi.o)
 .debug_frame   0x0000000000002df8       0x2c /opt/st/stm32cubeide_1.12.1/plugins/com.st.stm32cube.ide.mcu.externaltools.gnu-tools-for-stm32.10.3-2021.10.linux64_1.0.200.202301161003/tools/bin/../lib/gcc/arm-none-eabi/10.3.1/thumb/v7e-m+fp/hard/libgcc.a(_aeabi_uldivmod.o)
 .debug_frame   0x0000000000002e24       0x34 /opt/st/stm32cubeide_1.12.1/plugins/com.st.stm32cube.ide.mcu.externaltools.gnu-tools-for-stm32.10.3-2021.10.linux64_1.0.200.202301161003/tools/bin/../lib/gcc/arm-none-eabi/10.3.1/thumb/v7e-m+fp/hard/libgcc.a(_udivmoddi4.o)
